[backblue.gif]
[fade.gif]
[index.html]
[luxehotel.webhotel.vn/favicon.ico]
[cdnjs.cloudflare.com/ajax/libs/font-awesome/6.2.0/css/all.min.css]
[cdnjs.cloudflare.com/ajax/libs/fancybox/3.5.7/jquery.fancybox.css]
[luxehotel.webhotel.vn/files/images/logo-dark.png]
[luxehotel.webhotel.vn/files/images/bn/slide-02.jpg]
[luxehotel.webhotel.vn/files/images/ab.jpg]
[luxehotel.webhotel.vn/files/images/room/Triple-Room-with-Balcony/Triple-Room-with-Balcony.jpg]
[luxehotel.webhotel.vn/files/images/room/Senior-Deluxe-Room/Bedroom-Boos-Apartmen3t.jpg]
[luxehotel.webhotel.vn/files/images/room/Senior-Deluxe-Room/Bedroom-Apartment-4.jpg]
[luxehotel.webhotel.vn/files/images/room/deluxe/Deluxe-Room-1.jpg]
[luxehotel.webhotel.vn/files/images/dv/spa/10.jpg]
[luxehotel.webhotel.vn/files/images/dv/trai-nghiem-do-thi-tinh-te/claudio-guglieri-194323-unsplash-1.jpg]
[luxehotel.webhotel.vn/files/images/dv/Nhu-cau-su-dung-xe-don-nguoi-ra-san-bay-tang-cao.jpg]
[luxehotel.webhotel.vn/files/images/dv/bua-sang-1.jpg]
[luxehotel.webhotel.vn/files/images/dv/tim-hieu-thu-nhap-cua-huong-dan-vien-du-lich-quoc-te-03.jpg]
[luxehotel.webhotel.vn/files/images/dv/Corallo-FIRE-set-up-e1554377061139.jpg]
[luxehotel.webhotel.vn/Files/files/background.jpg]
[luxehotel.webhotel.vn/files/files/mike-fleetwood.jpg]
[luxehotel.webhotel.vn/files/files/tripadvisor.png]
[luxehotel.webhotel.vn/files/files/joanna-roberts.jpg]
[luxehotel.webhotel.vn/files/files/booking.png]
[luxehotel.webhotel.vn/files/files/alex-johnson.jpg]
[luxehotel.webhotel.vn/files/images/hotel/5f8b5279e24f16114f5e.jpg]
[luxehotel.webhotel.vn/files/images/news/Cho_tinh_Sapa_3.jpg]
[luxehotel.webhotel.vn/files/images/news/Fansipan-Mountain.jpg]
[luxehotel.webhotel.vn/files/images/news/thac-tinh-yeu-sapa.jpg]
[luxehotel.webhotel.vn/files/images/news/1463025766_nui-ham-rong-1.jpg]
[luxehotel.webhotel.vn/files/images/news/kham-pha-ban-lao-chai-ta-van-khi-di-du-lich-sapa-3.jpg]
[luxehotel.webhotel.vn/files/images/news/cac-diem-du-lich-sapa.jpg]
[luxehotel.webhotel.vn/files/images/room/deluxe/Deluxe-Room-2.jpg]
[luxehotel.webhotel.vn/files/images/dv/san-bay/Doan-ket-cung-cap-nhieu-loai-xe-phuc-vu-nhu-cau-dua-don-san-bay.jpg]
[luxehotel.webhotel.vn/files/images/room/deluxe/Deluxe-Room-3.jpg]
[luxehotel.webhotel.vn/files/images/room/deluxe/Deluxe-Room-4.jpg]
[luxehotel.webhotel.vn/files/images/room/deluxe/Deluxe-Room-5.jpg]
[connect.facebook.net/vi_VN/sdk.js]
[luxehotel.webhotel.vn/Content/Js/jquery-3.5.1.min.js]
[cdn.jsdelivr.net/momentjs/latest/moment.min.js]
[cdnjs.cloudflare.com/ajax/libs/popper.js/1.16.1/umd/popper.min.js]
[luxehotel.webhotel.vn/Plugins/bootstrap-4.5.2/js/bootstrap.min.js]
[luxehotel.webhotel.vn/Plugins/owlcarousel/owl.carousel.min.js]
[luxehotel.webhotel.vn/Plugins/slick/slick.min.js]
[cdnjs.cloudflare.com/ajax/libs/fancybox/3.5.7/jquery.fancybox.min.js]
[luxehotel.webhotel.vn/Plugins/daterangepicker/daterangepicker.js]
[luxehotel.webhotel.vn/Plugins/validation1.19.3/jquery.validate.min.js]
[luxehotel.webhotel.vn/Plugins/rating/rating.js]
[luxehotel.webhotel.vn/Content/Js/main.js]
[luxehotel.webhotel.vn/index.html]
[luxehotel.webhotel.vn/Files/files/offer.jpg]
[luxehotel.webhotel.vn/Content/Css/main.css]
[luxehotel.webhotel.vn/Content/Css/responsive.css]
[luxehotel.webhotel.vn/Content/Css/room.css]
[cdnjs.cloudflare.com/ajax/libs/font-awesome/6.2.0/css/all.min.css]
[luxehotel.webhotel.vn/Files/plugins/bootstrap-4.5.2/css/bootstrap.min.css]
[luxehotel.webhotel.vn/Files/fonts/fontawesome-pro-5.15.2/webfonts/fa-brands-400.eot]
[luxehotel.webhotel.vn/Files/fonts/fontawesome-pro-5.15.2/webfonts/fa-brands-400d41d.eot]
[luxehotel.webhotel.vn/Files/fonts/fontawesome-pro-5.15.2/webfonts/fa-brands-400.woff2]
[luxehotel.webhotel.vn/Files/fonts/fontawesome-pro-5.15.2/webfonts/fa-brands-400.woff]
[luxehotel.webhotel.vn/Files/fonts/fontawesome-pro-5.15.2/webfonts/fa-brands-400.ttf]
[luxehotel.webhotel.vn/Files/fonts/fontawesome-pro-5.15.2/webfonts/fa-duotone-900.eot]
[luxehotel.webhotel.vn/Files/fonts/fontawesome-pro-5.15.2/webfonts/fa-duotone-900d41d.eot]
[luxehotel.webhotel.vn/Files/fonts/fontawesome-pro-5.15.2/webfonts/fa-duotone-900.woff2]
[luxehotel.webhotel.vn/Files/fonts/fontawesome-pro-5.15.2/webfonts/fa-duotone-900.woff]
[luxehotel.webhotel.vn/Files/fonts/fontawesome-pro-5.15.2/webfonts/fa-duotone-900.ttf]
[luxehotel.webhotel.vn/Files/fonts/fontawesome-pro-5.15.2/webfonts/fa-light-300.eot]
[luxehotel.webhotel.vn/Files/fonts/fontawesome-pro-5.15.2/webfonts/fa-light-300d41d.eot]
[luxehotel.webhotel.vn/Files/fonts/fontawesome-pro-5.15.2/webfonts/fa-light-300.woff2]
[luxehotel.webhotel.vn/Files/fonts/fontawesome-pro-5.15.2/webfonts/fa-light-300.woff]
[luxehotel.webhotel.vn/Files/fonts/fontawesome-pro-5.15.2/webfonts/fa-light-300.ttf]
[luxehotel.webhotel.vn/Files/fonts/fontawesome-pro-5.15.2/webfonts/fa-regular-400.eot]
[luxehotel.webhotel.vn/Files/fonts/fontawesome-pro-5.15.2/webfonts/fa-regular-400d41d.eot]
[luxehotel.webhotel.vn/Files/fonts/fontawesome-pro-5.15.2/webfonts/fa-regular-400.woff2]
[luxehotel.webhotel.vn/Files/fonts/fontawesome-pro-5.15.2/webfonts/fa-regular-400.woff]
[luxehotel.webhotel.vn/Files/fonts/fontawesome-pro-5.15.2/webfonts/fa-regular-400.ttf]
[luxehotel.webhotel.vn/Files/fonts/fontawesome-pro-5.15.2/webfonts/fa-solid-900.eot]
[luxehotel.webhotel.vn/Files/fonts/fontawesome-pro-5.15.2/webfonts/fa-solid-900d41d.eot]
[luxehotel.webhotel.vn/Files/fonts/fontawesome-pro-5.15.2/webfonts/fa-solid-900.woff2]
[luxehotel.webhotel.vn/Files/fonts/fontawesome-pro-5.15.2/webfonts/fa-solid-900.woff]
[luxehotel.webhotel.vn/Files/fonts/fontawesome-pro-5.15.2/webfonts/fa-solid-900.ttf]
[luxehotel.webhotel.vn/Files/fonts/fontawesome-pro-5.15.2/css/all.min.css]
[cdnjs.cloudflare.com/ajax/libs/fancybox/3.5.7/jquery.fancybox.css]
[luxehotel.webhotel.vn/Files/plugins/owlcarousel/owl.carousel.min.css]
[luxehotel.webhotel.vn/Files/plugins/owlcarousel/owl.theme.default.min.css]
[luxehotel.webhotel.vn/Files/plugins/slick/slick.css]
[luxehotel.webhotel.vn/Files/plugins/slick/fonts/slick.eot]
[luxehotel.webhotel.vn/Files/plugins/slick/fonts/slickd41d.eot]
[luxehotel.webhotel.vn/Files/plugins/slick/fonts/slick.woff]
[luxehotel.webhotel.vn/Files/plugins/slick/fonts/slick.ttf]
[luxehotel.webhotel.vn/Files/plugins/slick/slick-theme.css]
[luxehotel.webhotel.vn/Files/plugins/daterangepicker/daterangepicker.css]
[luxehotel.webhotel.vn/files/images/bn/slide-01.jpg]
[luxehotel.webhotel.vn/Gioi-thieu.html]
[luxehotel.webhotel.vn/Plugins/Validate/jquery-validation-1.13.1/jquery.validate.min.js]
[luxehotel.webhotel.vn/phong-nghi.html]
[luxehotel.webhotel.vn/files/images/room/Senior-Deluxe-Room/Bedroom-Apartment-3.jpg]
[luxehotel.webhotel.vn/files/images/room/Senior-Deluxe-Room/Bedroom-Apartment-5.jpg]
[luxehotel.webhotel.vn/files/images/room/Senior-Deluxe-Room/Bedroom-Boos-Apartment.jpg]
[luxehotel.webhotel.vn/files/images/room/Senior-Deluxe-Room/Senior-Deluxe-Room.jpg]
[luxehotel.webhotel.vn/Files/_thumbs/images/room/Senior-Deluxe-Room/Bedroom-Apartment-3.jpg]
[luxehotel.webhotel.vn/Files/_thumbs/images/room/Senior-Deluxe-Room/Bedroom-Apartment-4.jpg]
[luxehotel.webhotel.vn/Files/_thumbs/images/room/Senior-Deluxe-Room/Bedroom-Apartment-5.jpg]
[luxehotel.webhotel.vn/Files/_thumbs/images/room/Senior-Deluxe-Room/Bedroom-Boos-Apartmen3t.jpg]
[luxehotel.webhotel.vn/Files/_thumbs/images/room/Senior-Deluxe-Room/Bedroom-Boos-Apartment.jpg]
[luxehotel.webhotel.vn/Files/_thumbs/images/room/Senior-Deluxe-Room/Senior-Deluxe-Room.jpg]
[luxehotel.webhotel.vn/files/images/icon/wifi.png]
[luxehotel.webhotel.vn/files/images/icon/an-sansg.png]
[luxehotel.webhotel.vn/files/images/icon/be-boi.png]
[luxehotel.webhotel.vn/files/images/icon/Group-40.png]
[luxehotel.webhotel.vn/files/images/icon/gym.png]
[luxehotel.webhotel.vn/files/images/icon/kets.png]
[luxehotel.webhotel.vn/files/images/icon/Untitled-1.png]
[luxehotel.webhotel.vn/files/images/icon/spa.png]
[luxehotel.webhotel.vn/files/images/icon/ico_booking.png]
[luxehotel.webhotel.vn/Areas/Administrator/Content/img/ajax-loader.gif]
[luxehotel.webhotel.vn/phong-nghi/13/phong-senior.html]
[luxehotel.webhotel.vn/files/images/room/Triple-Room-with-Balcony/Triple-Room-with-Balcony2.jpg]
[luxehotel.webhotel.vn/files/images/room/Triple-Room-with-Balcony/Triple-Room-with-Balcony6.jpg]
[luxehotel.webhotel.vn/files/images/room/Triple-Room-with-Balcony/Triple-Room-with-Balcony-Twin.jpg]
[luxehotel.webhotel.vn/Files/_thumbs/images/room/Triple-Room-with-Balcony/Triple-Room-with-Balcony.jpg]
[luxehotel.webhotel.vn/Files/_thumbs/images/room/Triple-Room-with-Balcony/Triple-Room-with-Balcony2.jpg]
[luxehotel.webhotel.vn/Files/_thumbs/images/room/Triple-Room-with-Balcony/Triple-Room-with-Balcony6.jpg]
[luxehotel.webhotel.vn/Files/_thumbs/images/room/Triple-Room-with-Balcony/Triple-Room-with-Balcony-Twin.jpg]
[luxehotel.webhotel.vn/phong-nghi/12/phong-triple.html]
[luxehotel.webhotel.vn/phong-nghi/1013/phong-connecting.html]
[luxehotel.webhotel.vn/Files/_thumbs/images/room/deluxe/Deluxe-Room-1.jpg]
[luxehotel.webhotel.vn/Files/_thumbs/images/room/deluxe/Deluxe-Room-2.jpg]
[luxehotel.webhotel.vn/Files/_thumbs/images/room/deluxe/Deluxe-Room-3.jpg]
[luxehotel.webhotel.vn/Files/_thumbs/images/room/deluxe/Deluxe-Room-4.jpg]
[luxehotel.webhotel.vn/Files/_thumbs/images/room/deluxe/Deluxe-Room-5.jpg]
[luxehotel.webhotel.vn/phong-nghi/2014/phong-deluxe.html]
[luxehotel.webhotel.vn/dich-vu.html]
[luxehotel.webhotel.vn/files/images/bn/trip14_com_7099d686a5963081173d66042ce3ab7f.jpg]
[luxehotel.webhotel.vn/tin-tucs.html]
[luxehotel.webhotel.vn/files/images/room/deluxe/Deluxe-Room-6.jpg]
[luxehotel.webhotel.vn/gallery.html]
[luxehotel.webhotel.vn/lien-he1.html]
[luxehotel.webhotel.vn/Plugins/Validate/jquery-validation-1.13.1/additional-methods.min.js]
[luxehotel.webhotel.vn/Files/files/Hotel-Bay.jpg]
[luxehotel.webhotel.vn/tin-tucs/4150/cho-tinh-sapa.html]
[luxehotel.webhotel.vn/tin-tucs/4142/nui-fansipan.html]
[luxehotel.webhotel.vn/tin-tucs/4140/​thac-tinh-yeu.html]
[luxehotel.webhotel.vn/tin-tucs/4138/nui-ham-rong.html]
[luxehotel.webhotel.vn/tin-tucs/3137/ban-lao-chai-ta-van.html]
[luxehotel.webhotel.vn/tin-tucs/3101/ban-cat-cat.html]
[luxehotel.webhotel.vn/lien-he.html]
[luxehotel.webhotel.vn/ve-chung-toi.html]
[connect.facebook.net/vi_VN/sdk.js]
[luxehotel.webhotel.vn/Files/fonts/fontawesome-pro-5.15.2/webfonts/fa-brands-400.svg]
[luxehotel.webhotel.vn/Files/fonts/fontawesome-pro-5.15.2/webfonts/fa-duotone-900.svg]
[luxehotel.webhotel.vn/Files/fonts/fontawesome-pro-5.15.2/webfonts/fa-light-300.svg]
[luxehotel.webhotel.vn/Files/fonts/fontawesome-pro-5.15.2/webfonts/fa-regular-400.svg]
[luxehotel.webhotel.vn/Files/fonts/fontawesome-pro-5.15.2/webfonts/fa-solid-900.svg]
[luxehotel.webhotel.vn/Files/plugins/owlcarousel/owl.video.play.html]
[luxehotel.webhotel.vn/Files/plugins/slick/ajax-loader.html]
[luxehotel.webhotel.vn/Files/plugins/slick/fonts/slick.svg]
[luxehotel.webhotel.vn/Content/Css/page-about.css]
[luxehotel.webhotel.vn/FormBook.html]
[minhphathotel.webhotel.vn/Content/Css/room.html]
[luxehotel.webhotel.vn/Files/css/room.css]
[luxehotel.webhotel.vn/Content/Css/room-single.css]
[luxehotel.webhotel.vn/Plugins/Validate/jquery-validation-1.13.1/jquery-validation.css]
[luxehotel.webhotel.vn/files/images/icon/black-wifi-icon-hi.html]
[luxehotel.webhotel.vn/phong-nghi/13/lien-he.html]
[luxehotel.webhotel.vn/phong-nghi/13/ve-chung-toi.html]
[luxehotel.webhotel.vn/phong-nghi/12/lien-he.html]
[luxehotel.webhotel.vn/phong-nghi/12/ve-chung-toi.html]
[luxehotel.webhotel.vn/phong-nghi/1013/lien-he.html]
[luxehotel.webhotel.vn/phong-nghi/1013/ve-chung-toi.html]
[luxehotel.webhotel.vn/phong-nghi/2014/lien-he.html]
[luxehotel.webhotel.vn/phong-nghi/2014/ve-chung-toi.html]
[luxehotel.webhotel.vn/files/images/dv/san-bay/xe-limousine-ha-noi-di-ha-long-quang-ninh-1-1200x801.jpg]
[luxehotel.webhotel.vn/files/images/dv/san-bay/thue-xe-dua-don-san-bay-24.jpg]
[luxehotel.webhotel.vn/dich-vu/9/dua-don-san-bay.html]
[luxehotel.webhotel.vn/files/images/dv/bua-sang-bo-sung/vai-tro-cua-bua-sang-la-gi-thoi-diem-an-sang-tot-nhat-la-khi-nao.jpg]
[luxehotel.webhotel.vn/files/images/dv/bua-sang-bo-sung/picture-43-1646995545-668-width1200height900.jpg]
[luxehotel.webhotel.vn/files/images/dv/bua-sang-bo-sung/herbal_2.jpg]
[luxehotel.webhotel.vn/files/images/dv/bua-sang-bo-sung/trung-06395835.jpg]
[luxehotel.webhotel.vn/files/images/dv/bua-sang-bo-sung/sua-chua.jpg]
[luxehotel.webhotel.vn/files/images/dv/bua-sang-bo-sung/1111-1200x676-7.jpg]
[luxehotel.webhotel.vn/dich-vu/2014/bua-sang-mien-phi.html]
[luxehotel.webhotel.vn/files/images/dv/huong-dan-vien-/thac-ban-gioc-16629689901401757210423.jpg]
[luxehotel.webhotel.vn/files/images/dv/huong-dan-vien-/1545276593_305_bali-guide_jpg.jpg]
[luxehotel.webhotel.vn/files/images/dv/huong-dan-vien-/du-lich-viet-nam-2020-1.jpg]
[luxehotel.webhotel.vn/files/images/dv/huong-dan-vien-/ffdab1d3f7484ffe7aec6bb3dc9e38-4329-3842-1649493519.jpg]
[luxehotel.webhotel.vn/files/images/dv/huong-dan-vien-/Lan-Ha-1-9636-1650464807.jpg]
[luxehotel.webhotel.vn/dich-vu/2015/huong-dan-vien-du-lich-thanh-pho.html]
[luxehotel.webhotel.vn/files/images/dv/tiec-bbq-bai-bien/bua-tiec-bbq-thinh-soan-ngay-trong-moi-can-villa-cua-premier-village-phu-quoc-resort-06-_7693.jpg]
[luxehotel.webhotel.vn/files/images/dv/tiec-bbq-bai-bien/bbq-phong-cach-nhat.jpg]
[luxehotel.webhotel.vn/files/images/dv/tiec-bbq-bai-bien/186479360_195632689071070_7674385599091351194_n.jpg]
[luxehotel.webhotel.vn/files/images/dv/tiec-bbq-bai-bien/Nyaman---Beach-BBQ.jpg]
[luxehotel.webhotel.vn/dich-vu/2016/tiec-bbq-bai-bien.html]
[luxehotel.webhotel.vn/Content/Css/room-cards.css]
[luxehotel.webhotel.vn/Content/Css/blog.css]
[luxehotel.webhotel.vn/tin-tucs/4150/lien-he.html]
[luxehotel.webhotel.vn/tin-tucs/4150/ve-chung-toi.html]
[luxehotel.webhotel.vn/tin-tucs/4142/lien-he.html]
[luxehotel.webhotel.vn/tin-tucs/4142/ve-chung-toi.html]
[luxehotel.webhotel.vn/tin-tucs/4140/lien-he.html]
[luxehotel.webhotel.vn/tin-tucs/4140/ve-chung-toi.html]
[luxehotel.webhotel.vn/tin-tucs/4138/lien-he.html]
[luxehotel.webhotel.vn/tin-tucs/4138/ve-chung-toi.html]
[luxehotel.webhotel.vn/tin-tucs/3137/lien-he.html]
[luxehotel.webhotel.vn/tin-tucs/3137/ve-chung-toi.html]
[luxehotel.webhotel.vn/tin-tucs/3101/lien-he.html]
[luxehotel.webhotel.vn/tin-tucs/3101/ve-chung-toi.html]
[luxehotel.webhotel.vn/Content/System/Content/css/style-404.html]
[luxehotel.webhotel.vn/Content/System/Content/images/error-img.html]
[luxehotel.webhotel.vn/Content/System/Content/images/v3_sprite.html]
[luxehotel.webhotel.vn/dich-vu/9/lien-he.html]
[luxehotel.webhotel.vn/dich-vu/9/ve-chung-toi.html]
[luxehotel.webhotel.vn/dich-vu/2014/lien-he.html]
[luxehotel.webhotel.vn/dich-vu/2014/ve-chung-toi.html]
[luxehotel.webhotel.vn/dich-vu/2015/lien-he.html]
[luxehotel.webhotel.vn/dich-vu/2015/ve-chung-toi.html]
[luxehotel.webhotel.vn/dich-vu/2016/lien-he.html]
[luxehotel.webhotel.vn/dich-vu/2016/ve-chung-toi.html]
